2025-06-07 12:51:07,815 - root - INFO - this is my ml bootcamp class
2025-06-07 12:51:07,816 - root - WARNING - focus only in the class
2025-06-07 12:51:07,816 - root - ERROR - there is no error
2025-06-07 12:51:07,816 - root - CRITICAL - there is no any critical issue
